mike@pop-os:~/wizeline/MargaritoMiguelGonzalezClara/Entregable1/CursoGIT$ git init
hint: Using 'master' as the name for the initial branch. This default branch name
hint: is subject to change. To configure the initial branch name to use in all
hint: of your new repositories, which will suppress this warning, call:
hint:
hint: 	git config --global init.defaultBranch <name>
hint:
hint: Names commonly chosen instead of 'master' are 'main', 'trunk' and
hint: 'development'. The just-created branch can be renamed via this command:
hint:
hint: 	git branch -m <name>
Initialized empty Git repository in /home/mike/wizeline/MargaritoMiguelGonzalezClara/Entregable1/CursoGIT/.git/
mike@pop-os:~/wizeline/MargaritoMiguelGonzalezClara/Entregable1/CursoGIT$ git branch -m M.MiguelGonzalezEntregable1
mike@pop-os:~/wizeline/MargaritoMiguelGonzalezClara/Entregable1/CursoGIT$ git status
On branch M.MiguelGonzalezEntregable1

No commits yet

Untracked files:
  (use "git add <file>..." to include in what will be committed)
	branch.jpg

nothing added to commit but untracked files present (use "git add" to track)
mike@pop-os:~/wizeline/MargaritoMiguelGonzalezClara/Entregable1/CursoGIT$ git add branch.jpg
mike@pop-os:~/wizeline/MargaritoMiguelGonzalezClara/Entregable1/CursoGIT$ git commit -m "CReacion de branch"
[M.MiguelGonzalezEntregable1 (root-commit) 40fc0bc] CReacion de branch
 1 file changed, 0 insertions(+), 0 deletions(-)
 create mode 100644 branch.jpg
mike@pop-os:~/wizeline/MargaritoMiguelGonzalezClara/Entregable1/CursoGIT$ git push origin M.MiguelGonzalezEntregable1
fatal: 'origin' does not appear to be a git repository
fatal: Could not read from remote repository.

Please make sure you have the correct access rights
and the repository exists.
mike@pop-os:~/wizeline/MargaritoMiguelGonzalezClara/Entregable1/CursoGIT$ git push origin M.MiguelGonzalezEntregable1
fatal: 'origin' does not appear to be a git repository
fatal: Could not read from remote repository.

Please make sure you have the correct access rights
and the repository exists.
mike@pop-os:~/wizeline/MargaritoMiguelGonzalezClara/Entregable1/CursoGIT$ git push M.MiguelGonzalezEntregable1
fatal: 'M.MiguelGonzalezEntregable1' does not appear to be a git repository
fatal: Could not read from remote repository.

Please make sure you have the correct access rights
and the repository exists.
mike@pop-os:~/wizeline/MargaritoMiguelGonzalezClara/Entregable1/CursoGIT$ git remote add origin https://github.com/mmgonzalezc/cursowizeline.git
mike@pop-os:~/wizeline/MargaritoMiguelGonzalezClara/Entregable1/CursoGIT$ git push origin M.MiguelGonzalezEntregable1
Username for 'https://github.com': mmgonzalezc
Password for 'https://mmgonzalezc@github.com':
Enumerating objects: 3, done.
Counting objects: 100% (3/3), done.
Compressing objects: 100% (2/2), done.
Writing objects: 100% (3/3), 111.90 KiB | 13.99 MiB/s, done.
Total 3 (delta 0), reused 0 (delta 0), pack-reused 0
remote:
remote: Create a pull request for 'M.MiguelGonzalezEntregable1' on GitHub by visiting:
remote:      https://github.com/mmgonzalezc/cursowizeline/pull/new/M.MiguelGonzalezEntregable1
remote:
To https://github.com/mmgonzalezc/cursowizeline.git
 * [new branch]      M.MiguelGonzalezEntregable1 -> M.MiguelGonzalezEntregable1
mike@pop-os:~/wizeline/MargaritoMiguelGonzalezClara/Entregable1/CursoGIT$ git status
On branch M.MiguelGonzalezEntregable1
Untracked files:
  (use "git add <file>..." to include in what will be committed)
	PruebaV1.txt

nothing added to commit but untracked files present (use "git add" to track)
mike@pop-os:~/wizeline/MargaritoMiguelGonzalezClara/Entregable1/CursoGIT$ git add PruebaV1.txt
mike@pop-os:~/wizeline/MargaritoMiguelGonzalezClara/Entregable1/CursoGIT$ git commit -m "cambios en archvos"
[M.MiguelGonzalezEntregable1 fca80f8] cambios en archvos
 1 file changed, 1 insertion(+)
 create mode 100644 PruebaV1.txt
mike@pop-os:~/wizeline/MargaritoMiguelGonzalezClara/Entregable1/CursoGIT$ git push origin M.MiguelGonzalezEntregable1
Username for 'https://github.com': mmgonzalezc
Password for 'https://mmgonzalezc@github.com':
Enumerating objects: 4, done.
Counting objects: 100% (4/4), done.
Compressing objects: 100% (2/2), done.
Writing objects: 100% (3/3), 307 bytes | 307.00 KiB/s, done.
Total 3 (delta 0), reused 0 (delta 0), pack-reused 0
To https://github.com/mmgonzalezc/cursowizeline.git
   40fc0bc..fca80f8  M.MiguelGonzalezEntregable1 -> M.MiguelGonzalezEntregable1
mike@pop-os:~/wizeline/MargaritoMiguelGonzalezClara/Entregable1/CursoGIT$ git status
On branch M.MiguelGonzalezEntregable1
Untracked files:
  (use "git add <file>..." to include in what will be committed)
	cambioarchivos.jpg

nothing added to commit but untracked files present (use "git add" to track)
mike@pop-os:~/wizeline/MargaritoMiguelGonzalezClara/Entregable1/CursoGIT$ git add cambioarchivos.jpg
mike@pop-os:~/wizeline/MargaritoMiguelGonzalezClara/Entregable1/CursoGIT$ git status
On branch M.MiguelGonzalezEntregable1
Changes to be committed:
  (use "git restore --staged <file>..." to unstage)
	new file:   cambioarchivos.jpg

mike@pop-os:~/wizeline/MargaritoMiguelGonzalezClara/Entregable1/CursoGIT$ git add addcambios.jpg
mike@pop-os:~/wizeline/MargaritoMiguelGonzalezClara/Entregable1/CursoGIT$ git commit -m "add scren"
[M.MiguelGonzalezEntregable1 21f3e34] add scren
 2 files changed, 0 insertions(+), 0 deletions(-)
 create mode 100644 addcambios.jpg
 create mode 100644 cambioarchivos.jpg
mike@pop-os:~/wizeline/MargaritoMiguelGonzalezClara/Entregable1/CursoGIT$ git push origin M.MiguelGonzalezEntregable1
Username for 'https://github.com': mmgonzalezc
Password for 'https://mmgonzalezc@github.com':
Enumerating objects: 5, done.
Counting objects: 100% (5/5), done.
Compressing objects: 100% (4/4), done.
Writing objects: 100% (4/4), 73.61 KiB | 8.18 MiB/s, done.
Total 4 (delta 0), reused 0 (delta 0), pack-reused 0
To https://github.com/mmgonzalezc/cursowizeline.git
   fca80f8..21f3e34  M.MiguelGonzalezEntregable1 -> M.MiguelGonzalezEntregable1
mike@pop-os:~/wizeline/MargaritoMiguelGonzalezClara/Entregable1/CursoGIT$ git add push.jpg
mike@pop-os:~/wizeline/MargaritoMiguelGonzalezClara/Entregable1/CursoGIT$ git commit -m "push"
[M.MiguelGonzalezEntregable1 0493d70] push
 1 file changed, 0 insertions(+), 0 deletions(-)
 create mode 100644 push.jpg
mike@pop-os:~/wizeline/MargaritoMiguelGonzalezClara/Entregable1/CursoGIT$ git push origin M.MiguelGonzalezEntregable1
Username for 'https://github.com': mmgonzalezc
Password for 'https://mmgonzalezc@github.com':
Enumerating objects: 4, done.
Counting objects: 100% (4/4), done.
Compressing objects: 100% (3/3), done.
Writing objects: 100% (3/3), 61.93 KiB | 8.85 MiB/s, done.
Total 3 (delta 1), reused 0 (delta 0), pack-reused 0
remote: Resolving deltas: 100% (1/1), completed with 1 local object.
To https://github.com/mmgonzalezc/cursowizeline.git
   21f3e34..0493d70  M.MiguelGonzalezEntregable1 -> M.MiguelGonzalezEntregable1
mike@pop-os:~/wizeline/MargaritoMiguelGonzalezClara/Entregable1/CursoGIT$ git log
commit 0493d70e47c33e75f2b02a23c2ee30bb1b34ba23 (HEAD -> M.MiguelGonzalezEntregable1, origin/M.MiguelGonzalezEntregable1)
Author: mmgonzalezc <mgonzalezclara@gmail.com>
Date:   Mon Apr 10 21:36:18 2023 -0500

    push

commit 21f3e34d91e99e25a41c225b2212c78711472e31
Author: mmgonzalezc <mgonzalezclara@gmail.com>
Date:   Mon Apr 10 21:32:57 2023 -0500

    add scren

commit fca80f8ccbec177b090c890c173c0df35beed4ce
Author: mmgonzalezc <mgonzalezclara@gmail.com>
Date:   Mon Apr 10 21:24:36 2023 -0500

    cambios en archvos

commit 40fc0bc8d115017bf4eb0f72c44a7cb3cb5d19e9
Author: mmgonzalezc <mgonzalezclara@gmail.com>
Date:   Mon Apr 10 21:19:07 2023 -0500

    CReacion de branch
mike@pop-os:~/wizeline/MargaritoMiguelGonzalezClara/Entregable1/CursoGIT$
